Microchip MPLAB XC8 Compiler V3.10

Linker command line:

-W-3 \
  --edf=C:\Program Files\Microchip\xc8\v3.10\pic\dat\20250813170317_en.msgs \
  -cn -h+dist/default/production\term.X.production.sym \
  --cmf=dist/default/production\term.X.production.cmf -z -Q18F4685 \
  -oC:\Users\deoli\AppData\Local\Temp\xcAs9s4.0\driver_tmp_3.o \
  --defsym=__MPLAB_BUILD=1 --fixupoverflow=error \
  -Mdist/default/production/term.X.production.map \
  --md=C:\Users\deoli\AppData\Local\Temp\xcAs9s4.0\driver_tmp_0.dat -E1 \
  -ver=XC8 Compiler -ACODE=00h-017FFFh -ACONST=00h-017FFFh \
  -ASMALLCONST=01000h-010FFhx240,011000h-0110FFhx112 \
  -AMEDIUMCONST=01000h-0FFFFh,011000h-017FFFh -ACOMRAM=01h-05Fh \
  -AABS1=00h-0CFFh -ABIGRAM=01h-0CFFh -ARAM=060h-0FFh,0100h-01FFhx12 \
  -ABANK0=060h-0FFh -ABANK1=0100h-01FFh -ABANK2=0200h-02FFh \
  -ABANK3=0300h-03FFh -ABANK4=0400h-04FFh -ABANK5=0500h-05FFh \
  -ABANK6=0600h-06FFh -ABANK7=0700h-07FFh -ABANK8=0800h-08FFh \
  -ABANK9=0900h-09FFh -ABANK10=0A00h-0AFFh -ABANK11=0B00h-0BFFh \
  -ABANK12=0C00h-0CFFh -ASFR=0D00h-0DFFhx2,0F00h-0F5Fh,0F60h-0FFFh \
  -ABIGSFR=0D00h-0FFFh -ACONFIG=0300000h-030000Dh -AIDLOC=0200000h-0200007h \
  -AEEDATA=0F00000h-0F003FFh -peeprom_data=EEDATA \
  -preset_vec=00h,intcode=8h,intcodelo=18h,sivt_lo,sivt_hi=CODE \
  -ppowerup=CODE,init -pramtop=01000h -psmallconst=SMALLCONST \
  -pmediumconst=MEDIUMCONST -pconst=CONST -AFARRAM=00h-00h \
  -prdata=COMRAM,nvrram=COMRAM,nvbit=COMRAM,rbss=COMRAM,rbit=COMRAM \
  -pfarbss=FARRAM,fardata=FARRAM,nvFARRAM=FARRAM \
  -pintsave_regs=BIGRAM,bigbss=BIGRAM,bigdata=BIGRAM -pbss=RAM \
  -pidata=CODE,irdata=CODE,ibigdata=CODE,ifardata=CODE -prparam=COMRAM \
  C:\Users\deoli\AppData\Local\Temp\xcAs9s4.0\driver_tmp_14.o \
  dist/default/production\term.X.production.o 

Object code version is 3.11

Machine type is 18F4685



                Name                               Link     Load   Length Selector   Space Scale
C:\Users\deoli\AppData\Local\Temp\xcAs9s4.0\driver_tmp_14.o
                config                           300000   300000        E        0       4
                init                              17FFC    17FFC        4     BFFE       0
                reset_vec                             0        0        4        0       0
dist/default/production\term.X.production.o
                config                           300000   300000        E        0       4
                smallconst                         1000     1000       86      800       0
                text46                             4960     4960        C      843       0
                text45                             465E     465E       42      843       0
                text44                             4870     4870       26      843       0
                text43                             4936     4936       16      843       0
                text42                             4920     4920       16      843       0
                text41                             4814     4814       32      843       0
                text40                             47E2     47E2       32      843       0
                text39                             48D2     48D2       1E      843       0
                text38                             4908     4908       18      843       0
                text37                             48B4     48B4       1E      843       0
                text36                             48F0     48F0       18      843       0
                text35                             494C     494C       14      843       0
                text34                             43DE     43DE       98      843       0
                text33                             4896     4896       1E      843       0
                text32                             45B6     45B6       62      843       0
                text31                             4846     4846       2A      843       0
                text30                             3C64     3C64      10A      843       0
                text29                             3E74     3E74      104      843       0
                text28                             2B0C     2B0C      426      843       0
                text27                             2656     2656      4B6      843       0
                text26                             4618     4618       46      843       0
                text25                             3D6E     3D6E      106      843       0
                text24                             369C     369C      1B4      843       0
                text23                             477C     477C       34      843       0
                text22                             496C     496C        2      843       0
                text21                             4290     4290       AA      843       0
                text20                             405E     405E       C4      843       0
                text19                             4122     4122       C0      843       0
                text18                             41E2     41E2       AE      843       0
                text17                             4748     4748       34      843       0
                text16                             46A0     46A0       3E      843       0
                text15                             46DE     46DE       36      843       0
                text14                             433A     433A       A4      843       0
                text13                             34C6     34C6      1D6      843       0
                text12                             39C8     39C8      178      843       0
                text11                             3F78     3F78       E6      843       0
                text10                             4476     4476       72      843       0
                text9                              4552     4552       64      843       0
                text8                              3B40     3B40      124      843       0
                text7                              32C0     32C0      206      843       0
                text6                              1086     1086      8F6      843       0
                text5                              44E8     44E8       6A      843       0
                text4                              4714     4714       34      843       0
                text3                              3850     3850      178      843       0
                text2                              2F32     2F32      38E      843       0
                text1                              203E     203E      618      843       0
                text0                              197C     197C      6C2      843       0
                cstackCOMRAM                          1        1       5E        1       1
                cstackBANK0                          60       60       92       60       1
                bssBANK1                            100      100       24      100       1
                dataBANK0                            FE       FE        1       60       1
                bssBANK0                             F2       F2        C       60       1
                bssCOMRAM                            5F       5F        1        1       1
                cinit                              47B0     47B0       32      843       0
                idataBANK0                         496E     496E        1      843       0

TOTAL           Name                               Link     Load   Length     Space
        CLASS   CODE           
                init                              17FFC    17FFC        4         0
                reset_vec                             0        0        4         0
                text46                             4960     4960        C         0
                text45                             465E     465E       42         0
                text44                             4870     4870       26         0
                text43                             4936     4936       16         0
                text42                             4920     4920       16         0
                text41                             4814     4814       32         0
                text40                             47E2     47E2       32         0
                text39                             48D2     48D2       1E         0
                text38                             4908     4908       18         0
                text37                             48B4     48B4       1E         0
                text36                             48F0     48F0       18         0
                text35                             494C     494C       14         0
                text34                             43DE     43DE       98         0
                text33                             4896     4896       1E         0
                text32                             45B6     45B6       62         0
                text31                             4846     4846       2A         0
                text30                             3C64     3C64      10A         0
                text29                             3E74     3E74      104         0
                text28                             2B0C     2B0C      426         0
                text27                             2656     2656      4B6         0
                text26                             4618     4618       46         0
                text25                             3D6E     3D6E      106         0
                text24                             369C     369C      1B4         0
                text23                             477C     477C       34         0
                text22                             496C     496C        2         0
                text21                             4290     4290       AA         0
                text20                             405E     405E       C4         0
                text19                             4122     4122       C0         0
                text18                             41E2     41E2       AE         0
                text17                             4748     4748       34         0
                text16                             46A0     46A0       3E         0
                text15                             46DE     46DE       36         0
                text14                             433A     433A       A4         0
                text13                             34C6     34C6      1D6         0
                text12                             39C8     39C8      178         0
                text11                             3F78     3F78       E6         0
                text10                             4476     4476       72         0
                text9                              4552     4552       64         0
                text8                              3B40     3B40      124         0
                text7                              32C0     32C0      206         0
                text6                              1086     1086      8F6         0
                text5                              44E8     44E8       6A         0
                text4                              4714     4714       34         0
                text3                              3850     3850      178         0
                text2                              2F32     2F32      38E         0
                text1                              203E     203E      618         0
                text0                              197C     197C      6C2         0
                cinit                              47B0     47B0       32         0
                idataBANK0                         496E     496E        1         0

        CLASS   CONST          

        CLASS   SMALLCONST     
                smallconst                         1000     1000       86         0

        CLASS   MEDIUMCONST    

        CLASS   COMRAM         
                cstackCOMRAM                          1        1       5E         1
                bssCOMRAM                            5F       5F        1         1

        CLASS   ABS1           

        CLASS   BIGRAM         

        CLASS   RAM            

        CLASS   BANK0          
                cstackBANK0                          60       60       92         1
                dataBANK0                            FE       FE        1         1
                bssBANK0                             F2       F2        C         1

        CLASS   BANK1          
                bssBANK1                            100      100       24         1

        CLASS   BANK2          

        CLASS   BANK3          

        CLASS   BANK4          

        CLASS   BANK5          

        CLASS   BANK6          

        CLASS   BANK7          

        CLASS   BANK8          

        CLASS   BANK9          

        CLASS   BANK10         

        CLASS   BANK11         

        CLASS   BANK12         

        CLASS   SFR            

        CLASS   BIGSFR         

        CLASS   CONFIG         
                config                           300000   300000        E         4

        CLASS   IDLOC          

        CLASS   EEDATA         

        CLASS   FARRAM         

        CLASS   HEAP           

        CLASS   STACK          



SEGMENTS        Name                           Load    Length   Top    Selector   Space  Class

                reset_vec                      000000  000004  000004         0       0  CODE    
                cstackCOMRAM                   000001  00005F  000060         1       1  COMRAM  
                cstackBANK0                    000060  00009F  0000FF        60       1  BANK0   
                bssBANK1                       000100  000024  000124       100       1  BANK1   
                smallconst                     001000  000086  001086       800       0  SMALLCON
                text6                          001086  0038E9  00496F       843       0  CODE    
                init                           017FFC  000004  018000      BFFE       0  CODE    


UNUSED ADDRESS RANGES

        Name                Unused          Largest block    Delta
        BANK0            0000FF-0000FF                1
        BANK1            000124-0001FF               DC
        BANK10           000A00-000AFF              100
        BANK11           000B00-000BFF              100
        BANK12           000C00-000CFF              100
        BANK2            000200-0002FF              100
        BANK3            000300-0003FF              100
        BANK4            000400-0004FF              100
        BANK5            000500-0005FF              100
        BANK6            000600-0006FF              100
        BANK7            000700-0007FF              100
        BANK8            000800-0008FF              100
        BANK9            000900-0009FF              100
        BIGRAM           0000FF-0000FF                1
                         000124-000CFF              BDC
        BIGSFR           000D00-000FFF              300
        CODE             000004-000FFF              FFC
                         00496F-017FFB            1368D
        CONST            000004-000FFF              FFC
                         00496F-017FFB            1368D
        EEDATA           F00000-F003FF              400
        IDLOC            200000-200007                8
        MEDIUMCONST      00496F-00FFFF             B691
                         011000-017FFB             6FFC
        RAM              0000FF-0000FF                1
                         000124-000CFF              100
        SFR              000D00-000FFF              100
        SMALLCONST       00496F-00FFFF              100
                         011000-017FFB              100

                                  Symbol Table

?_ADC_Read                  cstackCOMRAM 000001
?___aldiv                   cstackCOMRAM 000001
?___awdiv                   cstackCOMRAM 000001
?___awmod                   cstackCOMRAM 000001
?___fladd                   cstackCOMRAM 000028
?___fldiv                   cstackCOMRAM 000040
?___flmul                   cstackCOMRAM 00000F
?___flsub                   cstackCOMRAM 000038
?___fltol                   cstackCOMRAM 000009
?___lwdiv                   cstackCOMRAM 000001
?___lwmod                   cstackCOMRAM 000001
?___xxtofl                  cstackCOMRAM 000001
?_abs                       cstackCOMRAM 000007
?_ctoa                      cstackCOMRAM 000009
?_dtoa                      cstackCOMRAM 000017
?_fabsf                     cstackCOMRAM 000001
?_logf                      cstackCOMRAM 000059
?_otoa                      cstackCOMRAM 000017
?_pad                       cstackCOMRAM 00000F
?_read_prec_or_width        cstackCOMRAM 000001
?_sprintf                   cstackCOMRAM 00003E
?_strlen                    cstackCOMRAM 000001
?_utoa                      cstackCOMRAM 000017
?_vfpfcnvrt                 cstackCOMRAM 000029
?_vfprintf                  cstackCOMRAM 000038
?_xtoa                      cstackCOMRAM 000017
ADC_Read@channel            cstackCOMRAM 000005
I2C_Write@data              cstackCOMRAM 000002
LCD_PrintString@str         cstackCOMRAM 000009
LCD_Pulse_EN@data           cstackCOMRAM 000004
LCD_SendCommand@cmd         cstackCOMRAM 000008
LCD_SendData@data           cstackCOMRAM 000008
LCD_SetCursor@address       cstackCOMRAM 00000A
LCD_SetCursor@col           cstackCOMRAM 00000B
LCD_SetCursor@row           cstackCOMRAM 000009
LCD_Write_I2C@data          cstackCOMRAM 000003
LCD_Write_Nibble@data       cstackCOMRAM 000007
LCD_Write_Nibble@nibble     cstackCOMRAM 000006
LCD_Write_Nibble@rs         cstackCOMRAM 000005
_ADCON0                     (abs)        000FC2
_ADCON0bits                 (abs)        000FC2
_ADCON1                     (abs)        000FC1
_ADCON2                     (abs)        000FC0
_ADC_Init                   text46       004960
_ADC_Read                   text45       00465E
_ADRESH                     (abs)        000FC4
_ADRESL                     (abs)        000FC3
_I2C_Init                   text35       00494C
_I2C_Start                  text43       004936
_I2C_Stop                   text42       004920
_I2C_Wait                   text44       004870
_I2C_Write                  text41       004814
_LCD_Clear                  text36       0048F0
_LCD_Init                   text34       0043DE
_LCD_PrintString            text32       0045B6
_LCD_Pulse_EN               text39       0048D2
_LCD_SendCommand            text37       0048B4
_LCD_SendData               text33       004896
_LCD_SetCursor              text31       004846
_LCD_Write_I2C              text40       0047E2
_LCD_Write_Nibble           text38       004908
_OSCCON                     (abs)        000FD3
_PIR1bits                   (abs)        000F9E
_SSPADD                     (abs)        000FC8
_SSPBUF                     (abs)        000FC9
_SSPCON1                    (abs)        000FC6
_SSPCON2                    (abs)        000FC5
_SSPCON2bits                (abs)        000FC5
_SSPSTAT                    (abs)        000FC7
_SSPSTATbits                (abs)        000FC7
_TRISCbits                  (abs)        000F94
__HRAM                      (abs)        000000
__H__absolute__             __absolute__ 000000
__Habs1                     abs1         000000
__Hbank0                    bank0        000000
__Hbank1                    bank1        000000
__Hbank10                   bank10       000000
__Hbank11                   bank11       000000
__Hbank12                   bank12       000000
__Hbank2                    bank2        000000
__Hbank3                    bank3        000000
__Hbank4                    bank4        000000
__Hbank5                    bank5        000000
__Hbank6                    bank6        000000
__Hbank7                    bank7        000000
__Hbank8                    bank8        000000
__Hbank9                    bank9        000000
__Hbigbss                   bigbss       000000
__Hbigdata                  bigdata      000000
__Hbigram                   bigram       000000
__Hbigsfr                   bigsfr       000000
__Hbss                      bss          000000
__HbssBANK0                 bssBANK0     000000
__HbssBANK1                 bssBANK1     000000
__HbssCOMRAM                bssCOMRAM    000000
__Hcinit                    cinit        000000
__Hclrtext                  clrtext      000000
__Hcomram                   comram       000000
__Hconfig                   config       30000E
__Hconst                    const        000000
__HcstackBANK0              cstackBANK0  000000
__HcstackCOMRAM             cstackCOMRAM 000000
__Hdata                     data         000000
__HdataBANK0                dataBANK0    000000
__Heeprom_data              eeprom_data  000000
__Hfarbss                   farbss       000000
__Hfardata                  fardata      000000
__Hheap                     heap         000000
__Hibigdata                 ibigdata     000000
__Hidata                    idata        000000
__HidataBANK0               idataBANK0   000000
__Hidloc                    idloc        000000
__Hifardata                 ifardata     000000
__Hinit                     init         018000
__Hintcode                  intcode      000008
__Hintcode_body             intcode_body 000000
__Hintcodelo                intcodelo    000018
__Hintentry                 intentry     000000
__Hintret                   intret       000000
__Hintsave_regs             intsave_regs 000000
__Hirdata                   irdata       000000
__Hmediumconst              mediumconst  000000
__HnvFARRAM                 nvFARRAM     000000
__Hnvbit                    nvbit        000000
__Hnvrram                   nvrram       000000
__Hparam                    rparam       000000
__Hpowerup                  powerup      000000
__Hram                      ram          000000
__Hramtop                   ramtop       001000
__Hrbit                     rbit         000000
__Hrbss                     rbss         000000
__Hrdata                    rdata        000000
__Hreset_vec                reset_vec    000004
__Hrparam                   rparam       000000
__Hsfr                      sfr          000000
__Hsivt_hi                  sivt_hi      000000
__Hsivt_lo                  sivt_lo      000018
__Hsmallconst               smallconst   001086
__Hspace_0                  (abs)        018000
__Hspace_1                  (abs)        000124
__Hspace_2                  (abs)        000000
__Hspace_4                  (abs)        60000E
__Hstack                    stack        000000
__Hstruct                   struct       000000
__Htemp                     temp         000000
__Htext                     text         000000
__Htext0                    text0        000000
__Htext1                    text1        000000
__Htext10                   text10       000000
__Htext11                   text11       000000
__Htext12                   text12       000000
__Htext13                   text13       000000
__Htext14                   text14       000000
__Htext15                   text15       000000
__Htext16                   text16       000000
__Htext17                   text17       000000
__Htext18                   text18       000000
__Htext19                   text19       000000
__Htext2                    text2        000000
__Htext20                   text20       000000
__Htext21                   text21       000000
__Htext22                   text22       000000
__Htext23                   text23       000000
__Htext24                   text24       000000
__Htext25                   text25       000000
__Htext26                   text26       000000
__Htext27                   text27       000000
__Htext28                   text28       000000
__Htext29                   text29       000000
__Htext3                    text3        000000
__Htext30                   text30       000000
__Htext31                   text31       000000
__Htext32                   text32       000000
__Htext33                   text33       000000
__Htext34                   text34       000000
__Htext35                   text35       000000
__Htext36                   text36       000000
__Htext37                   text37       000000
__Htext38                   text38       000000
__Htext39                   text39       000000
__Htext4                    text4        000000
__Htext40                   text40       000000
__Htext41                   text41       000000
__Htext42                   text42       000000
__Htext43                   text43       000000
__Htext44                   text44       000000
__Htext45                   text45       000000
__Htext46                   text46       000000
__Htext5                    text5        000000
__Htext6                    text6        000000
__Htext7                    text7        000000
__Htext8                    text8        000000
__Htext9                    text9        000000
__LRAM                      (abs)        000001
__L__absolute__             __absolute__ 000000
__Labs1                     abs1         000000
__Lbank0                    bank0        000000
__Lbank1                    bank1        000000
__Lbank10                   bank10       000000
__Lbank11                   bank11       000000
__Lbank12                   bank12       000000
__Lbank2                    bank2        000000
__Lbank3                    bank3        000000
__Lbank4                    bank4        000000
__Lbank5                    bank5        000000
__Lbank6                    bank6        000000
__Lbank7                    bank7        000000
__Lbank8                    bank8        000000
__Lbank9                    bank9        000000
__Lbigbss                   bigbss       000000
__Lbigdata                  bigdata      000000
__Lbigram                   bigram       000000
__Lbigsfr                   bigsfr       000000
__Lbss                      bss          000000
__LbssBANK0                 bssBANK0     000000
__LbssBANK1                 bssBANK1     000000
__LbssCOMRAM                bssCOMRAM    000000
__Lcinit                    cinit        000000
__Lclrtext                  clrtext      000000
__Lcomram                   comram       000000
__Lconfig                   config       000000
__Lconst                    const        000000
__LcstackBANK0              cstackBANK0  000000
__LcstackCOMRAM             cstackCOMRAM 000000
__Ldata                     data         000000
__LdataBANK0                dataBANK0    000000
__Leeprom_data              eeprom_data  000000
__Lfarbss                   farbss       000000
__Lfardata                  fardata      000000
__Lheap                     heap         000000
__Libigdata                 ibigdata     000000
__Lidata                    idata        000000
__LidataBANK0               idataBANK0   000000
__Lidloc                    idloc        000000
__Lifardata                 ifardata     000000
__Linit                     init         017FFC
__Lintcode                  intcode      000008
__Lintcode_body             intcode_body 000000
__Lintcodelo                intcodelo    000018
__Lintentry                 intentry     000000
__Lintret                   intret       000000
__Lintsave_regs             intsave_regs 000000
__Lirdata                   irdata       000000
__Lmediumconst              mediumconst  000000
__LnvFARRAM                 nvFARRAM     000000
__Lnvbit                    nvbit        000000
__Lnvrram                   nvrram       000000
__Lparam                    rparam       000000
__Lpowerup                  powerup      000000
__Lram                      ram          000000
__Lramtop                   ramtop       001000
__Lrbit                     rbit         000000
__Lrbss                     rbss         000000
__Lrdata                    rdata        000000
__Lreset_vec                reset_vec    000000
__Lrparam                   rparam       000000
__Lsfr                      sfr          000000
__Lsivt_hi                  sivt_hi      000000
__Lsivt_lo                  sivt_lo      000018
__Lsmallconst               smallconst   001000
__Lspace_0                  (abs)        000000
__Lspace_1                  (abs)        000000
__Lspace_2                  (abs)        000000
__Lspace_4                  (abs)        000000
__Lstack                    stack        000000
__Lstruct                   struct       000000
__Ltemp                     temp         000000
__Ltext                     text         000000
__Ltext0                    text0        000000
__Ltext1                    text1        000000
__Ltext10                   text10       000000
__Ltext11                   text11       000000
__Ltext12                   text12       000000
__Ltext13                   text13       000000
__Ltext14                   text14       000000
__Ltext15                   text15       000000
__Ltext16                   text16       000000
__Ltext17                   text17       000000
__Ltext18                   text18       000000
__Ltext19                   text19       000000
__Ltext2                    text2        000000
__Ltext20                   text20       000000
__Ltext21                   text21       000000
__Ltext22                   text22       000000
__Ltext23                   text23       000000
__Ltext24                   text24       000000
__Ltext25                   text25       000000
__Ltext26                   text26       000000
__Ltext27                   text27       000000
__Ltext28                   text28       000000
__Ltext29                   text29       000000
__Ltext3                    text3        000000
__Ltext30                   text30       000000
__Ltext31                   text31       000000
__Ltext32                   text32       000000
__Ltext33                   text33       000000
__Ltext34                   text34       000000
__Ltext35                   text35       000000
__Ltext36                   text36       000000
__Ltext37                   text37       000000
__Ltext38                   text38       000000
__Ltext39                   text39       000000
__Ltext4                    text4        000000
__Ltext40                   text40       000000
__Ltext41                   text41       000000
__Ltext42                   text42       000000
__Ltext43                   text43       000000
__Ltext44                   text44       000000
__Ltext45                   text45       000000
__Ltext46                   text46       000000
__Ltext5                    text5        000000
__Ltext6                    text6        000000
__Ltext7                    text7        000000
__Ltext8                    text8        000000
__Ltext9                    text9        000000
__S0                        (abs)        018000
__S1                        (abs)        000124
__S4                        (abs)        000000
__S5                        (abs)        000000
___aldiv                    text30       003C64
___aldiv@counter            cstackCOMRAM 000009
___aldiv@dividend           cstackCOMRAM 000001
___aldiv@divisor            cstackCOMRAM 000005
___aldiv@quotient           cstackCOMRAM 00000B
___aldiv@sign               cstackCOMRAM 00000A
___awdiv                    text19       004122
___awdiv@counter            cstackCOMRAM 000005
___awdiv@dividend           cstackCOMRAM 000001
___awdiv@divisor            cstackCOMRAM 000003
___awdiv@quotient           cstackCOMRAM 000007
___awdiv@sign               cstackCOMRAM 000006
___awmod                    text18       0041E2
___awmod@counter            cstackCOMRAM 000005
___awmod@dividend           cstackCOMRAM 000001
___awmod@divisor            cstackCOMRAM 000003
___awmod@sign               cstackCOMRAM 000006
___fladd                    text27       002656
___fladd@a                  cstackCOMRAM 00002C
___fladd@aexp               cstackCOMRAM 000035
___fladd@b                  cstackCOMRAM 000028
___fladd@bexp               cstackCOMRAM 000036
___fladd@grs                cstackCOMRAM 000037
___fladd@signs              cstackCOMRAM 000034
___fldiv                    text2        002F32
___fldiv@a                  cstackCOMRAM 000044
___fldiv@aexp               cstackCOMRAM 000058
___fldiv@b                  cstackCOMRAM 000040
___fldiv@bexp               cstackCOMRAM 000057
___fldiv@grs                cstackCOMRAM 000053
___fldiv@new_exp            cstackCOMRAM 000051
___fldiv@rem                cstackCOMRAM 00004C
___fldiv@sign               cstackCOMRAM 000050
___flge                     text29       003E74
___flge@ff1                 cstackCOMRAM 000040
___flge@ff2                 cstackCOMRAM 000044
___flmul                    text28       002B0C
___flmul@a                  cstackCOMRAM 000013
___flmul@aexp               cstackCOMRAM 000020
___flmul@b                  cstackCOMRAM 00000F
___flmul@bexp               cstackCOMRAM 000021
___flmul@grs                cstackCOMRAM 00001C
___flmul@prod               cstackCOMRAM 000022
___flmul@sign               cstackCOMRAM 00001B
___flmul@temp               cstackCOMRAM 000026
___flsub                    text26       004618
___flsub@a                  cstackCOMRAM 00003C
___flsub@b                  cstackCOMRAM 000038
___fltol                    text25       003D6E
___fltol@exp1               cstackCOMRAM 000012
___fltol@f1                 cstackCOMRAM 000009
___fltol@sign1              cstackCOMRAM 000011
___heap_hi                  (abs)        000000
___heap_lo                  (abs)        000000
___inthi_sp                 stack        000000
___inthi_stack_hi           stack        000000
___inthi_stack_lo           stack        000000
___intlo_sp                 stack        000000
___intlo_stack_hi           stack        000000
___intlo_stack_lo           stack        000000
___lwdiv                    text10       004476
___lwdiv@counter            cstackCOMRAM 000007
___lwdiv@dividend           cstackCOMRAM 000001
___lwdiv@divisor            cstackCOMRAM 000003
___lwdiv@quotient           cstackCOMRAM 000005
___lwmod                    text9        004552
___lwmod@counter            cstackCOMRAM 000005
___lwmod@dividend           cstackCOMRAM 000001
___lwmod@divisor            cstackCOMRAM 000003
___param_bank               (abs)        000000
___rparam_used              (abs)        000001
___sp                       stack        000000
___stack_hi                 stack        000000
___stack_lo                 stack        000000
___xxtofl                   text24       00369C
___xxtofl@arg               cstackCOMRAM 00000B
___xxtofl@exp               cstackCOMRAM 00000A
___xxtofl@sign              cstackCOMRAM 000009
___xxtofl@val               cstackCOMRAM 000001
__accesstop                 (abs)        000060
__activetblptr              (abs)        000003
__end_of_ADC_Init           text46       00496C
__end_of_ADC_Read           text45       0046A0
__end_of_I2C_Init           text35       004960
__end_of_I2C_Start          text43       00494C
__end_of_I2C_Stop           text42       004936
__end_of_I2C_Wait           text44       004896
__end_of_I2C_Write          text41       004846
__end_of_LCD_Clear          text36       004908
__end_of_LCD_Init           text34       004476
__end_of_LCD_PrintString    text32       004618
__end_of_LCD_Pulse_EN       text39       0048F0
__end_of_LCD_SendCommand    text37       0048D2
__end_of_LCD_SendData       text33       0048B4
__end_of_LCD_SetCursor      text31       004870
__end_of_LCD_Write_I2C      text40       004814
__end_of_LCD_Write_Nibble   text38       004920
__end_of_Lg1                smallconst   001011
__end_of_Lg2                smallconst   00100D
__end_of_Lg3                smallconst   001009
__end_of_Lg4                smallconst   001005
__end_of___aldiv            text30       003D6E
__end_of___awdiv            text19       0041E2
__end_of___awmod            text18       004290
__end_of___fladd            text27       002B0C
__end_of___fldiv            text2        0032C0
__end_of___flge             text29       003F78
__end_of___flmul            text28       002F32
__end_of___flsub            text26       00465E
__end_of___fltol            text25       003E74
__end_of___lwdiv            text10       0044E8
__end_of___lwmod            text9        0045B6
__end_of___xxtofl           text24       003850
__end_of__initialization    cinit        0047DC
__end_of_abs                text17       00477C
__end_of_ctoa               text20       004122
__end_of_dtoa               text13       00369C
__end_of_fabsf              text23       0047B0
__end_of_fputc              text21       00433A
__end_of_fputs              text16       0046DE
__end_of_ftoa               text3        0039C8
__end_of_ln2_hi             smallconst   001019
__end_of_ln2_lo             smallconst   001015
__end_of_logf               text1        002656
__end_of_main               text0        00203E
__end_of_otoa               text12       003B40
__end_of_pad                text14       0043DE
__end_of_putch              text22       00496E
__end_of_read_prec_or_width text11       00405E
__end_of_sprintf            text4        004748
__end_of_strlen             text15       004714
__end_of_utoa               text8        003C64
__end_of_vfpfcnvrt          text6        00197C
__end_of_vfprintf           text5        004552
__end_of_xtoa               text7        0034C6
__initialization            cinit        0047B0
__mediumconst               smallconst   001000
__pbssBANK0                 bssBANK0     0000F2
__pbssBANK1                 bssBANK1     000100
__pbssCOMRAM                bssCOMRAM    00005F
__pcinit                    cinit        0047B0
__pcstackBANK0              cstackBANK0  000060
__pcstackCOMRAM             cstackCOMRAM 000001
__pdataBANK0                dataBANK0    0000FE
__pidataBANK0               idataBANK0   00496E
__psmallconst               smallconst   001000
__ptext0                    text0        00197C
__ptext1                    text1        00203E
__ptext10                   text10       004476
__ptext11                   text11       003F78
__ptext12                   text12       0039C8
__ptext13                   text13       0034C6
__ptext14                   text14       00433A
__ptext15                   text15       0046DE
__ptext16                   text16       0046A0
__ptext17                   text17       004748
__ptext18                   text18       0041E2
__ptext19                   text19       004122
__ptext2                    text2        002F32
__ptext20                   text20       00405E
__ptext21                   text21       004290
__ptext22                   text22       00496C
__ptext23                   text23       00477C
__ptext24                   text24       00369C
__ptext25                   text25       003D6E
__ptext26                   text26       004618
__ptext27                   text27       002656
__ptext28                   text28       002B0C
__ptext29                   text29       003E74
__ptext3                    text3        003850
__ptext30                   text30       003C64
__ptext31                   text31       004846
__ptext32                   text32       0045B6
__ptext33                   text33       004896
__ptext34                   text34       0043DE
__ptext35                   text35       00494C
__ptext36                   text36       0048F0
__ptext37                   text37       0048B4
__ptext38                   text38       004908
__ptext39                   text39       0048D2
__ptext4                    text4        004714
__ptext40                   text40       0047E2
__ptext41                   text41       004814
__ptext42                   text42       004920
__ptext43                   text43       004936
__ptext44                   text44       004870
__ptext45                   text45       00465E
__ptext46                   text46       004960
__ptext5                    text5        0044E8
__ptext6                    text6        001086
__ptext7                    text7        0032C0
__ptext8                    text8        003B40
__ptext9                    text9        004552
__ramtop                    ramtop       001000
__smallconst                smallconst   001000
_abs                        text17       004748
_ctoa                       text20       00405E
_dbuf                       bssBANK1     000104
_dtoa                       text13       0034C6
_dtoa$1231                  cstackCOMRAM 00001A
_errno                      bssBANK0     0000FC
_fabsf                      text23       00477C
_flags                      bssCOMRAM    00005F
_fputc                      text21       004290
_fputs                      text16       0046A0
_ftoa                       text3        003850
_ftoa$1574                  cstackBANK0  00006C
_logf                       text1        00203E
_logf$1578                  cstackBANK0  000098
_logf$1579                  cstackBANK0  000072
_logf$1580                  cstackBANK0  000076
_logf$1581                  cstackBANK0  00007A
_logf$1582                  cstackBANK0  00007E
_main                       text0        00197C
_main$1575                  cstackBANK0  0000D4
_main$1576                  cstackBANK0  0000D8
_main$1577                  cstackBANK0  0000DC
_nout                       bssBANK0     0000F6
_otoa                       text12       0039C8
_pad                        text14       00433A
_prec                       bssBANK0     0000FA
_putch                      text22       00496C
_read_prec_or_width         text11       003F78
_sprintf                    text4        004714
_strlen                     text15       0046DE
_utoa                       text8        003B40
_vfpfcnvrt                  text6        001086
_vfprintf                   text5        0044E8
_width                      bssBANK0     0000F8
_xtoa                       text7        0032C0
_xtoa$1256                  cstackCOMRAM 00001F
abs@a                       cstackCOMRAM 000007
ctoa@c                      cstackCOMRAM 00000A
ctoa@fp                     cstackCOMRAM 000009
ctoa@l                      cstackCOMRAM 00000C
ctoa@w                      cstackCOMRAM 00000E
dtoa@d                      cstackCOMRAM 000018
dtoa@fp                     cstackCOMRAM 000017
dtoa@i                      cstackCOMRAM 000021
dtoa@p                      cstackCOMRAM 00001C
dtoa@s                      cstackCOMRAM 000020
dtoa@w                      cstackCOMRAM 00001E
end_of_initialization       cinit        0047DC
fabsf@F465                  bssBANK0     0000F2
fabsf@u                     cstackCOMRAM 000005
fabsf@x                     cstackCOMRAM 000001
fputc@c                     cstackCOMRAM 000001
fputc@fp                    cstackCOMRAM 000003
fputs@c                     cstackCOMRAM 00000C
fputs@fp                    cstackCOMRAM 00000B
fputs@i                     cstackCOMRAM 00000D
fputs@s                     cstackCOMRAM 000009
ftoa@buffer                 cstackCOMRAM 000053
ftoa@f                      cstackCOMRAM 00004F
ftoa@format                 cstackBANK0  000060
ftoa@fractionalAsInt        cstackBANK0  00006A
ftoa@fractionalPart         cstackBANK0  000071
ftoa@i                      cstackBANK0  00006D
ftoa@integerPart            cstackBANK0  00006F
ftoa@precision              cstackCOMRAM 000054
intlevel0                   text         000000
intlevel1                   text         000000
intlevel2                   text         000000
intlevel3                   text         000000
isa$std                     (abs)        000001
isa$xinst                   (abs)        000000
logf@F472                   bssBANK1     000100
logf@R                      cstackBANK0  000066
logf@dk                     cstackBANK0  000088
logf@hfsq                   cstackBANK0  000084
logf@k                      cstackBANK0  000082
logf@s                      cstackBANK0  00008C
logf@t1                     cstackBANK0  00006A
logf@t2                     cstackBANK0  00006E
logf@ux                     cstackBANK0  00009C
logf@w                      cstackBANK0  000094
logf@x                      cstackCOMRAM 000059
logf@z                      cstackBANK0  000090
main@i                      cstackBANK0  0000E8
main@leituraRefAvg          cstackBANK0  0000EA
main@leituraRefSum          cstackBANK0  0000E4
main@leituraSensorAvg       cstackBANK0  0000EC
main@leituraSensorSum       cstackBANK0  0000E0
main@logNTC                 cstackBANK0  0000EE
main@resistenciaNTC         cstackBANK0  0000C0
main@tempBuffer             cstackBANK0  0000A0
main@tempCelsius            cstackBANK0  0000C8
main@tempKelvin             cstackBANK0  0000C4
main@tensaoBuffer           cstackBANK0  0000B0
main@tensaoPonte            cstackBANK0  0000D0
main@valorPonte             cstackBANK0  0000CC
otoa@d                      cstackCOMRAM 000018
otoa@fp                     cstackCOMRAM 000017
otoa@i                      cstackCOMRAM 000021
otoa@p                      cstackCOMRAM 00001C
otoa@t                      cstackCOMRAM 00001E
otoa@w                      cstackCOMRAM 00001F
pad@buf                     cstackCOMRAM 000010
pad@fp                      cstackCOMRAM 00000F
pad@i                       cstackCOMRAM 000015
pad@p                       cstackCOMRAM 000012
read_prec_or_width@ap       cstackCOMRAM 000002
read_prec_or_width@c        cstackCOMRAM 000005
read_prec_or_width@fmt      cstackCOMRAM 000001
read_prec_or_width@n        cstackCOMRAM 000006
sprintf@ap                  cstackCOMRAM 00004E
sprintf@f                   cstackCOMRAM 000043
sprintf@fmt                 cstackCOMRAM 00003F
sprintf@s                   cstackCOMRAM 00003E
stackhi                     (abs)        000000
stacklo                     (abs)        000000
start                       init         017FFC
start_initialization        cinit        0047B0
strlen@a                    cstackCOMRAM 000003
strlen@s                    cstackCOMRAM 000001
utoa@d                      cstackCOMRAM 000018
utoa@fp                     cstackCOMRAM 000017
utoa@i                      cstackCOMRAM 00001E
utoa@p                      cstackCOMRAM 00001A
utoa@w                      cstackCOMRAM 00001C
vfpfcnvrt@ap                cstackCOMRAM 00002B
vfpfcnvrt@c                 cstackCOMRAM 000031
vfpfcnvrt@convarg           cstackCOMRAM 000032
vfpfcnvrt@cp                cstackCOMRAM 000036
vfpfcnvrt@done              cstackCOMRAM 000030
vfpfcnvrt@fmt               cstackCOMRAM 00002A
vfpfcnvrt@fp                cstackCOMRAM 000029
vfprintf@ap                 cstackCOMRAM 00003B
vfprintf@cfmt               cstackCOMRAM 00003C
vfprintf@fmt                cstackCOMRAM 000039
vfprintf@fp                 cstackCOMRAM 000038
xtoa@a                      cstackCOMRAM 00001E
xtoa@c                      cstackCOMRAM 000026
xtoa@d                      cstackCOMRAM 000018
xtoa@d_nonzero              cstackCOMRAM 000023
xtoa@fp                     cstackCOMRAM 000017
xtoa@i                      cstackCOMRAM 000027
xtoa@p                      cstackCOMRAM 000021
xtoa@w                      cstackCOMRAM 000024
xtoa@x                      cstackCOMRAM 00001A


MODULE INFORMATION

Module		Function		Class		Link	Load	Size
C:\Program Files\Microchip\xc8\v3.10\pic\sources\c99\common\flge.c
		___flge        		CODE           	3E74	0000	260

C:\Program Files\Microchip\xc8\v3.10\pic\sources\c99\common\flge.c estimated size: 260

C:\Program Files\Microchip\xc8\v3.10\pic\sources\c99\common\lwmod.c
		___lwmod       		CODE           	4552	0000	100

C:\Program Files\Microchip\xc8\v3.10\pic\sources\c99\common\lwmod.c estimated size: 100

C:\Program Files\Microchip\xc8\v3.10\pic\sources\c99\common\awmod.c
		___awmod       		CODE           	41E2	0000	174

C:\Program Files\Microchip\xc8\v3.10\pic\sources\c99\common\awmod.c estimated size: 174

C:\Program Files\Microchip\xc8\v3.10\pic\sources\c99\common\putch.c
		_putch         		CODE           	496C	0000	2

C:\Program Files\Microchip\xc8\v3.10\pic\sources\c99\common\putch.c estimated size: 2

C:\Program Files\Microchip\xc8\v3.10\pic\sources\c99\common\abs.c
		_abs           		CODE           	4748	0000	52

C:\Program Files\Microchip\xc8\v3.10\pic\sources\c99\common\abs.c estimated size: 52

C:\Program Files\Microchip\xc8\v3.10\pic\sources\c99\common\nf_fputs.c
		_fputs         		CODE           	46A0	0000	62

C:\Program Files\Microchip\xc8\v3.10\pic\sources\c99\common\nf_fputs.c estimated size: 62

i2c.c
		_I2C_Write     		CODE           	4814	0000	50
		_I2C_Stop      		CODE           	4920	0000	22
		_I2C_Wait      		CODE           	4870	0000	38
		_I2C_Init      		CODE           	494C	0000	20
		_I2C_Start     		CODE           	4936	0000	22

i2c.c estimated size: 152

C:\Program Files\Microchip\xc8\v3.10\pic\sources\c99\common\logf.c
		_logf          		CODE           	203E	0000	1560

C:\Program Files\Microchip\xc8\v3.10\pic\sources\c99\common\logf.c estimated size: 1560

lcd_i2c.c
		_LCD_Init      		CODE           	43DE	0000	152
		_LCD_SendData  		CODE           	4896	0000	30
		_LCD_PrintString		CODE           	45B6	0000	98
		_LCD_SetCursor 		CODE           	4846	0000	42
		_LCD_Clear     		CODE           	48F0	0000	24
		_LCD_SendCommand		CODE           	48B4	0000	30
		_LCD_Pulse_EN  		CODE           	48D2	0000	30
		_LCD_Write_I2C 		CODE           	47E2	0000	50
		_LCD_Write_Nibble		CODE           	4908	0000	24

lcd_i2c.c estimated size: 480

C:\Program Files\Microchip\xc8\v3.10\pic\sources\c99\common\lwdiv.c
		___lwdiv       		CODE           	4476	0000	114

C:\Program Files\Microchip\xc8\v3.10\pic\sources\c99\common\lwdiv.c estimated size: 114

C:\Program Files\Microchip\xc8\v3.10\pic\sources\c99\common\awdiv.c
		___awdiv       		CODE           	4122	0000	192

C:\Program Files\Microchip\xc8\v3.10\pic\sources\c99\common\awdiv.c estimated size: 192

adc.c
		_ADC_Read      		CODE           	465E	0000	66
		_ADC_Init      		CODE           	4960	0000	12

adc.c estimated size: 78

C:\Program Files\Microchip\xc8\v3.10\pic\sources\c99\common\fltol.c
		___fltol       		CODE           	3D6E	0000	262

C:\Program Files\Microchip\xc8\v3.10\pic\sources\c99\common\fltol.c estimated size: 262

C:\Program Files\Microchip\xc8\v3.10\pic\sources\c99\common\aldiv.c
		___aldiv       		CODE           	3C64	0000	266

C:\Program Files\Microchip\xc8\v3.10\pic\sources\c99\common\aldiv.c estimated size: 266

C:\Program Files\Microchip\xc8\v3.10\pic\sources\c99\common\sprcmul.c
		___flmul       		CODE           	2B0C	0000	1062

C:\Program Files\Microchip\xc8\v3.10\pic\sources\c99\common\sprcmul.c estimated size: 1062

C:\Program Files\Microchip\xc8\v3.10\pic\sources\c99\common\nf_sprintf.c
		_sprintf       		CODE           	4714	0000	52

C:\Program Files\Microchip\xc8\v3.10\pic\sources\c99\common\nf_sprintf.c estimated size: 52

C:\Program Files\Microchip\xc8\v3.10\pic\sources\c99\common\xxtofl.c
		___xxtofl      		CODE           	369C	0000	436

C:\Program Files\Microchip\xc8\v3.10\pic\sources\c99\common\xxtofl.c estimated size: 436

C:\Program Files\Microchip\xc8\v3.10\pic\sources\c99\common\sprcdiv.c
		___fldiv       		CODE           	2F32	0000	910

C:\Program Files\Microchip\xc8\v3.10\pic\sources\c99\common\sprcdiv.c estimated size: 910

shared
		_Lg1           		SMALLCONST     	0000	0000	0
		_Lg2           		SMALLCONST     	0000	0000	0
		_Lg3           		SMALLCONST     	0000	0000	0
		_Lg4           		SMALLCONST     	0000	0000	0
		__initialization		CODE           	47B0	0000	44
		_ln2_lo        		SMALLCONST     	0000	0000	0
		_ln2_hi        		SMALLCONST     	0000	0000	0

shared estimated size: 44

C:\Program Files\Microchip\xc8\v3.10\pic\sources\c99\common\strlen.c
		_strlen        		CODE           	46DE	0000	54

C:\Program Files\Microchip\xc8\v3.10\pic\sources\c99\common\strlen.c estimated size: 54

C:\Program Files\Microchip\xc8\v3.10\pic\sources\c99\common\nf_fputc.c
		_fputc         		CODE           	4290	0000	170

C:\Program Files\Microchip\xc8\v3.10\pic\sources\c99\common\nf_fputc.c estimated size: 170

C:\Program Files\Microchip\xc8\v3.10\pic\sources\c99\common\fabsf.c
		_fabsf         		CODE           	477C	0000	52

C:\Program Files\Microchip\xc8\v3.10\pic\sources\c99\common\fabsf.c estimated size: 52

C:\Program Files\Microchip\xc8\v3.10\pic\sources\c99\common\doprnt.c
		_read_prec_or_width		CODE           	3F78	0000	230
		_vfpfcnvrt     		CODE           	1086	0000	2294
		_pad           		CODE           	433A	0000	164
		_ctoa          		CODE           	405E	0000	196
		_dtoa          		CODE           	34C6	0000	470
		_vfprintf      		CODE           	44E8	0000	106
		_otoa          		CODE           	39C8	0000	376
		_utoa          		CODE           	3B40	0000	292
		_xtoa          		CODE           	32C0	0000	518

C:\Program Files\Microchip\xc8\v3.10\pic\sources\c99\common\doprnt.c estimated size: 4646

main.c
		_main          		CODE           	197C	0000	1730
		_ftoa          		CODE           	3850	0000	376

main.c estimated size: 2106

C:\Program Files\Microchip\xc8\v3.10\pic\sources\c99\common\sprcadd.c
		___flsub       		CODE           	4618	0000	70
		___fladd       		CODE           	2656	0000	1206

C:\Program Files\Microchip\xc8\v3.10\pic\sources\c99\common\sprcadd.c estimated size: 1276

